
> workspaceui@0.8.0 test /home/leandro/Desktop/Projects/NewUI/new_ui_core/modules/com.etendorx.workspace-ui
> jest "packages/MainUI/__tests__/components/window/Tab.test.tsx"

  console.log
    NODE_ENV: test

      at useRuntimeConfig (contexts/RuntimeConfigContext.tsx:72:13)

  console.log
    NODE_ENV: test

      at useRuntimeConfig (contexts/RuntimeConfigContext.tsx:72:13)

FAIL MainUI packages/MainUI/__tests__/components/window/Tab.test.tsx
  Tab - Refresh Registration
    ✕ should unregister refresh callback on unmount (152 ms)
    ✕ should register tab-specific actions (15 ms)

  ● Tab - Refresh Registration › should unregister refresh callback on unmount

    TypeError: Cannot read properties of undefined (reading 'addListener')

      57 |   return selected;
      58 | };
    > 59 |
         | ^

      at hooks/useSelectedRecords.ts:59:13
      at Object.react_stack_bottom_frame (../../node_modules/react-dom/cjs/react-dom-client.development.js:25989:20)
      at runWithFiberInDEV (../../node_modules/react-dom/cjs/react-dom-client.development.js:874:13)
      at commitHookEffectListMount (../../node_modules/react-dom/cjs/react-dom-client.development.js:13249:29)
      at commitHookPassiveMountEffects (../../node_modules/react-dom/cjs/react-dom-client.development.js:13336:11)
      at commitPassiveMountOnFiber (../../node_modules/react-dom/cjs/react-dom-client.development.js:15484:13)
      at recursivelyTraversePassiveMountEffects (../../node_modules/react-dom/cjs/react-dom-client.development.js:15439:11)
      at commitPassiveMountOnFiber (../../node_modules/react-dom/cjs/react-dom-client.development.js:15718:11)
      at recursivelyTraversePassiveMountEffects (../../node_modules/react-dom/cjs/react-dom-client.development.js:15439:11)
      at commitPassiveMountOnFiber (../../node_modules/react-dom/cjs/react-dom-client.development.js:15476:11)
      at recursivelyTraversePassiveMountEffects (../../node_modules/react-dom/cjs/react-dom-client.development.js:15439:11)
      at commitPassiveMountOnFiber (../../node_modules/react-dom/cjs/react-dom-client.development.js:15718:11)
      at recursivelyTraversePassiveMountEffects (../../node_modules/react-dom/cjs/react-dom-client.development.js:15439:11)
      at commitPassiveMountOnFiber (../../node_modules/react-dom/cjs/react-dom-client.development.js:15476:11)
      at recursivelyTraversePassiveMountEffects (../../node_modules/react-dom/cjs/react-dom-client.development.js:15439:11)
      at commitPassiveMountOnFiber (../../node_modules/react-dom/cjs/react-dom-client.development.js:15718:11)
      at recursivelyTraversePassiveMountEffects (../../node_modules/react-dom/cjs/react-dom-client.development.js:15439:11)
      at commitPassiveMountOnFiber (../../node_modules/react-dom/cjs/react-dom-client.development.js:15476:11)
      at recursivelyTraversePassiveMountEffects (../../node_modules/react-dom/cjs/react-dom-client.development.js:15439:11)
      at commitPassiveMountOnFiber (../../node_modules/react-dom/cjs/react-dom-client.development.js:15718:11)
      at recursivelyTraversePassiveMountEffects (../../node_modules/react-dom/cjs/react-dom-client.development.js:15439:11)
      at commitPassiveMountOnFiber (../../node_modules/react-dom/cjs/react-dom-client.development.js:15476:11)
      at recursivelyTraversePassiveMountEffects (../../node_modules/react-dom/cjs/react-dom-client.development.js:15439:11)
      at commitPassiveMountOnFiber (../../node_modules/react-dom/cjs/react-dom-client.development.js:15718:11)
      at recursivelyTraversePassiveMountEffects (../../node_modules/react-dom/cjs/react-dom-client.development.js:15439:11)
      at commitPassiveMountOnFiber (../../node_modules/react-dom/cjs/react-dom-client.development.js:15718:11)
      at recursivelyTraversePassiveMountEffects (../../node_modules/react-dom/cjs/react-dom-client.development.js:15439:11)
      at commitPassiveMountOnFiber (../../node_modules/react-dom/cjs/react-dom-client.development.js:15476:11)
      at recursivelyTraversePassiveMountEffects (../../node_modules/react-dom/cjs/react-dom-client.development.js:15439:11)
      at commitPassiveMountOnFiber (../../node_modules/react-dom/cjs/react-dom-client.development.js:15476:11)
      at recursivelyTraversePassiveMountEffects (../../node_modules/react-dom/cjs/react-dom-client.development.js:15439:11)
      at commitPassiveMountOnFiber (../../node_modules/react-dom/cjs/react-dom-client.development.js:15476:11)
      at recursivelyTraversePassiveMountEffects (../../node_modules/react-dom/cjs/react-dom-client.development.js:15439:11)
      at commitPassiveMountOnFiber (../../node_modules/react-dom/cjs/react-dom-client.development.js:15519:11)
      at flushPassiveEffects (../../node_modules/react-dom/cjs/react-dom-client.development.js:18432:9)
      at ../../node_modules/react-dom/cjs/react-dom-client.development.js:17923:15
      at flushActQueue (../../node_modules/react/cjs/react.development.js:590:34)
      at Object.<anonymous>.process.env.NODE_ENV.exports.act (../../node_modules/react/cjs/react.development.js:884:10)
      at ../../node_modules/@testing-library/react/dist/act-compat.js:47:25
      at renderRoot (../../node_modules/@testing-library/react/dist/pure.js:190:26)
      at render (../../node_modules/@testing-library/react/dist/pure.js:292:10)
      at renderWithTheme (__tests__/components/window/Tab.test.tsx:81:16)
      at Object.<anonymous> (__tests__/components/window/Tab.test.tsx:182:25)

  ● Tab - Refresh Registration › should register tab-specific actions

    TypeError: Cannot read properties of undefined (reading 'addListener')

      57 |   return selected;
      58 | };
    > 59 |
         | ^

      at hooks/useSelectedRecords.ts:59:13
      at Object.react_stack_bottom_frame (../../node_modules/react-dom/cjs/react-dom-client.development.js:25989:20)
      at runWithFiberInDEV (../../node_modules/react-dom/cjs/react-dom-client.development.js:874:13)
      at commitHookEffectListMount (../../node_modules/react-dom/cjs/react-dom-client.development.js:13249:29)
      at commitHookPassiveMountEffects (../../node_modules/react-dom/cjs/react-dom-client.development.js:13336:11)
      at commitPassiveMountOnFiber (../../node_modules/react-dom/cjs/react-dom-client.development.js:15484:13)
      at recursivelyTraversePassiveMountEffects (../../node_modules/react-dom/cjs/react-dom-client.development.js:15439:11)
      at commitPassiveMountOnFiber (../../node_modules/react-dom/cjs/react-dom-client.development.js:15718:11)
      at recursivelyTraversePassiveMountEffects (../../node_modules/react-dom/cjs/react-dom-client.development.js:15439:11)
      at commitPassiveMountOnFiber (../../node_modules/react-dom/cjs/react-dom-client.development.js:15476:11)
      at recursivelyTraversePassiveMountEffects (../../node_modules/react-dom/cjs/react-dom-client.development.js:15439:11)
      at commitPassiveMountOnFiber (../../node_modules/react-dom/cjs/react-dom-client.development.js:15718:11)
      at recursivelyTraversePassiveMountEffects (../../node_modules/react-dom/cjs/react-dom-client.development.js:15439:11)
      at commitPassiveMountOnFiber (../../node_modules/react-dom/cjs/react-dom-client.development.js:15476:11)
      at recursivelyTraversePassiveMountEffects (../../node_modules/react-dom/cjs/react-dom-client.development.js:15439:11)
      at commitPassiveMountOnFiber (../../node_modules/react-dom/cjs/react-dom-client.development.js:15718:11)
      at recursivelyTraversePassiveMountEffects (../../node_modules/react-dom/cjs/react-dom-client.development.js:15439:11)
      at commitPassiveMountOnFiber (../../node_modules/react-dom/cjs/react-dom-client.development.js:15476:11)
      at recursivelyTraversePassiveMountEffects (../../node_modules/react-dom/cjs/react-dom-client.development.js:15439:11)
      at commitPassiveMountOnFiber (../../node_modules/react-dom/cjs/react-dom-client.development.js:15718:11)
      at recursivelyTraversePassiveMountEffects (../../node_modules/react-dom/cjs/react-dom-client.development.js:15439:11)
      at commitPassiveMountOnFiber (../../node_modules/react-dom/cjs/react-dom-client.development.js:15476:11)
      at recursivelyTraversePassiveMountEffects (../../node_modules/react-dom/cjs/react-dom-client.development.js:15439:11)
      at commitPassiveMountOnFiber (../../node_modules/react-dom/cjs/react-dom-client.development.js:15718:11)
      at recursivelyTraversePassiveMountEffects (../../node_modules/react-dom/cjs/react-dom-client.development.js:15439:11)
      at commitPassiveMountOnFiber (../../node_modules/react-dom/cjs/react-dom-client.development.js:15718:11)
      at recursivelyTraversePassiveMountEffects (../../node_modules/react-dom/cjs/react-dom-client.development.js:15439:11)
      at commitPassiveMountOnFiber (../../node_modules/react-dom/cjs/react-dom-client.development.js:15476:11)
      at recursivelyTraversePassiveMountEffects (../../node_modules/react-dom/cjs/react-dom-client.development.js:15439:11)
      at commitPassiveMountOnFiber (../../node_modules/react-dom/cjs/react-dom-client.development.js:15476:11)
      at recursivelyTraversePassiveMountEffects (../../node_modules/react-dom/cjs/react-dom-client.development.js:15439:11)
      at commitPassiveMountOnFiber (../../node_modules/react-dom/cjs/react-dom-client.development.js:15476:11)
      at recursivelyTraversePassiveMountEffects (../../node_modules/react-dom/cjs/react-dom-client.development.js:15439:11)
      at commitPassiveMountOnFiber (../../node_modules/react-dom/cjs/react-dom-client.development.js:15519:11)
      at flushPassiveEffects (../../node_modules/react-dom/cjs/react-dom-client.development.js:18432:9)
      at ../../node_modules/react-dom/cjs/react-dom-client.development.js:17923:15
      at flushActQueue (../../node_modules/react/cjs/react.development.js:590:34)
      at Object.<anonymous>.process.env.NODE_ENV.exports.act (../../node_modules/react/cjs/react.development.js:884:10)
      at ../../node_modules/@testing-library/react/dist/act-compat.js:47:25
      at renderRoot (../../node_modules/@testing-library/react/dist/pure.js:190:26)
      at render (../../node_modules/@testing-library/react/dist/pure.js:292:10)
      at renderWithTheme (__tests__/components/window/Tab.test.tsx:81:16)
      at Object.<anonymous> (__tests__/components/window/Tab.test.tsx:190:5)

Test Suites: 1 failed, 1 total
Tests:       2 failed, 2 total
Snapshots:   0 total
Time:        3.884 s, estimated 4 s
Ran all test suites matching /packages\/MainUI\/__tests__\/components\/window\/Tab.test.tsx/i.
 ELIFECYCLE  Test failed. See above for more details.
